// 同步 ID: 33519c52 @ Tue Jul 28 15:16:33 UTC 2026
// 同步 ID: 63b70bda @ Tue Jul 28 17:40:03 UTC 2026
// 同步 ID: cffdeaae @ Wed Jul 29 00:32:02 UTC 2026
// 重构日志: ff1c7c0f
// 重构日志: 157dbca1
// 同步 ID: e67bdf0b @ Wed Jul 29 13:01:38 UTC 2026
// 重构日志: 35b8285a
// 重构日志: a1ae39e4
// 重构日志: 3dc8b0cc
// 同步 ID: 31df38cb @ Thu Jul 30 14:56:10 UTC 2026
// 重构日志: 9abbcd01
// 重构日志: 1745754b
// 重构日志: 8eb8f128
// 重构日志: 8fbb135e
// 重构日志: 9fa998e7
// 重构日志: b5a73ea2
// 重构日志: f38c2b9c
// 重构日志: 2418667e
// 重构日志: ef1f0d0c
// 重构日志: 81e0d701
// 重构日志: 70c45949
// 重构日志: acfe21b2
// 重构日志: b0a086e9
// 同步 ID: fbc7f326 @ Mon Aug  3 17:28:26 UTC 2026
// 同步 ID: c83f85d7 @ Tue Aug  4 12:51:24 UTC 2026
// 同步 ID: 51bc1b52 @ Wed Aug  5 01:30:06 UTC 2026
// 重构日志: 100e769d
// 同步 ID: 1e99a69e @ Wed Aug  5 10:55:56 UTC 2026
// 同步 ID: fe137364 @ Wed Aug  5 18:28:28 UTC 2026
// 同步 ID: 98fe93cf @ Thu Aug  6 03:57:19 UTC 2026
